// Jest Snapshot v1, https://goo.gl/fbAQLP

exports[`<Main /> should render the heading 1`] = `
<main
  class="sc-bcPKhP jhrJfq"
>
  <main>
    <h1>
      React avan√ßado
    </h1>
  </main>
</main>
`;
